MemTotal:        2015240 kB
MemFree:          200488 kB
MemAvailable:     806356 kB
Buffers:           18860 kB
Cached:           916124 kB
SwapCached:         8020 kB
Active:           747856 kB
Inactive:         712800 kB
Active(anon):     149612 kB
Inactive(anon):   389564 kB
Active(file):     598244 kB
Inactive(file):   323236 kB
Unevictable:        6664 kB
Mlocked:            6664 kB
SwapTotal:       1511424 kB
SwapFree:        1257984 kB
Dirty:             13408 kB
Writeback:             0 kB
AnonPages:        525864 kB
Mapped:           596156 kB
Shmem:              8820 kB
KReclaimable:      61364 kB
Slab:             153888 kB
SReclaimable:      61364 kB
SUnreclaim:        92524 kB
KernelStack:       23536 kB
PageTables:        56000 kB
NFS_Unstable:          0 kB
Bounce:                0 kB
WritebackTmp:          0 kB
CommitLimit:     2519044 kB
Committed_AS:   27543800 kB
VmallocTotal:   34359738367 kB
VmallocUsed:       41564 kB
VmallocChunk:          0 kB
Percpu:             4592 kB
AnonHugePages:         0 kB
ShmemHugePages:        0 kB
ShmemPmdMapped:        0 kB
FileHugePages:     12288 kB
FilePmdMapped:     12288 kB
CmaTotal:         303104 kB
CmaFree:               0 kB
DirectMap4k:      178000 kB
DirectMap2M:     1918976 kB
DirectMap1G:           0 kB

